
> zait-and-filters@0.0.0 build
> vite build

vite v7.3.1 building client environment for production...
transforming...
✓ 1862 modules transformed.
rendering chunks...
computing gzip size...
dist/index.html                     0.46 kB │ gzip:   0.29 kB
dist/assets/index-r2aegyVU.css     58.89 kB │ gzip:  10.25 kB
dist/assets/index-CgaEUofF.js   1,350.61 kB │ gzip: 415.24 kB

(!) Some chunks are larger than 500 kB after minification. Consider:
- Using dynamic import() to code-split the application
- Use build.rollupOptions.output.manualChunks to improve chunking: https://rollupjs.org/configuration-options/#output-manualchunks
- Adjust chunk size limit for this warning via build.chunkSizeWarningLimit.
✓ built in 5.53s
